exports[`Vainglory.matches .single should get a single match 1`] = `
Object {
  "error": true,
  "messages": "Unauthorized Access. invalid API key provided.",
}
`;
